Godot Engine v4.7.stable.official.5b4e0cb0f - https://godotengine.org
OpenGL API 4.1 Metal - 90.5 - Compatibility - Using Device: Apple - Apple M5

DISPLAY logical=(1280, 720) pixels=(2560, 1440) scale=2.0
CHARACTER_POSE idle_static
CHARACTER_IMPORTED idle_meshes=38 typing_meshes=40 camera_fov=45.0
CHARACTER_POSE idle_static
R3_GODOT_IMPORT skeleton_bones=12 animations=["ReachToType", "TypingLoop"] meshes=1 camera_fov=45.0 typing_loop_mode=1
CHARACTER_POSE idle_static
R3_VARIANT seat-and-action
CHARACTER_POSE idle_static
CHARACTER_POSE typing_static
R3_FRAME {"animation":"ReachToType","label":"reach-start","path":"<repo>/prototype/comparison/rigged_character_experiment/R3/1280x720-evening/reach-start-1280x720-evening.png","seconds":0.0,"viewport_pixels":[1844,1100],"window_pixels":[2560,1440],"wrists_world":{"Left":[-0.712,1.274,-1.245],"Right":[-1.008,1.274,-1.245]}}
R3_FRAME {"animation":"ReachToType","label":"reach-mid","path":"<repo>/prototype/comparison/rigged_character_experiment/R3/1280x720-evening/reach-mid-1280x720-evening.png","seconds":0.3,"viewport_pixels":[1844,1100],"window_pixels":[2560,1440],"wrists_world":{"Left":[-0.634,1.343,-1.251],"Right":[-1.086,1.343,-1.251]}}
R3_LOOP_STARTED
R3_FRAME {"animation":"ReachToType","label":"reach-end","path":"<repo>/prototype/comparison/rigged_character_experiment/R3/1280x720-evening/reach-end-1280x720-evening.png","seconds":0.6,"viewport_pixels":[1844,1100],"window_pixels":[2560,1440],"wrists_world":{"Left":[-0.61,1.37,-1.25],"Right":[-1.11,1.37,-1.25]}}
R3_FRAME {"animation":"TypingLoop","label":"typing-start","path":"<repo>/prototype/comparison/rigged_character_experiment/R3/1280x720-evening/typing-start-1280x720-evening.png","seconds":0.0,"viewport_pixels":[1844,1100],"window_pixels":[2560,1440],"wrists_world":{"Left":[-0.57,1.37,-1.25],"Right":[-1.095,1.37,-1.25]}}
R3_FRAME {"animation":"TypingLoop","label":"typing-left-down","path":"<repo>/prototype/comparison/rigged_character_experiment/R3/1280x720-evening/typing-left-down-1280x720-evening.png","seconds":0.15,"viewport_pixels":[1844,1100],"window_pixels":[2560,1440],"wrists_world":{"Left":[-0.452,1.369,-1.237],"Right":[-1.047,1.369,-1.247]}}
R3_FRAME {"animation":"TypingLoop","label":"typing-right-down","path":"<repo>/prototype/comparison/rigged_character_experiment/R3/1280x720-evening/typing-right-down-1280x720-evening.png","seconds":0.45,"viewport_pixels":[1844,1100],"window_pixels":[2560,1440],"wrists_world":{"Left":[-0.673,1.369,-1.247],"Right":[-1.268,1.369,-1.237]}}
R3_FRAME {"animation":"TypingLoop","label":"typing-mid","path":"<repo>/prototype/comparison/rigged_character_experiment/R3/1280x720-evening/typing-mid-1280x720-evening.png","seconds":0.75,"viewport_pixels":[1844,1100],"window_pixels":[2560,1440],"wrists_world":{"Left":[-0.452,1.369,-1.237],"Right":[-1.047,1.369,-1.247]}}
R3_FRAME {"animation":"TypingLoop","label":"typing-end","path":"<repo>/prototype/comparison/rigged_character_experiment/R3/1280x720-evening/typing-end-1280x720-evening.png","seconds":1.05,"viewport_pixels":[1844,1100],"window_pixels":[2560,1440],"wrists_world":{"Left":[-0.666,1.369,-1.247],"Right":[-1.26,1.369,-1.238]}}
R3_FRAME {"animation":"TypingLoop","label":"typing-loop-end","path":"<repo>/prototype/comparison/rigged_character_experiment/R3/1280x720-evening/typing-loop-end-1280x720-evening.png","seconds":1.2,"viewport_pixels":[1844,1100],"window_pixels":[2560,1440],"wrists_world":{"Left":[-0.601,1.37,-1.25],"Right":[-1.106,1.37,-1.25]}}
