Godot Engine v4.7.stable.official.5b4e0cb0f - https://godotengine.org
OpenGL API 4.1 Metal - 90.5 - Compatibility - Using Device: Apple - Apple M5

DISPLAY logical=(360, 320) pixels=(720, 640) scale=2.0
CAPTURE <temporary-frames>/3d-360x320-day-idle.png
CAPTURE <temporary-frames>/3d-360x320-day-motion-000.png
CAPTURE <temporary-frames>/3d-360x320-day-motion-001.png
CAPTURE <temporary-frames>/3d-360x320-day-motion-002.png
CAPTURE <temporary-frames>/3d-360x320-day-motion-003.png
CAPTURE <temporary-frames>/3d-360x320-day-motion-004.png
CAPTURE <temporary-frames>/3d-360x320-day-motion-005.png
CAPTURE <temporary-frames>/3d-360x320-day-motion-006.png
CAPTURE <temporary-frames>/3d-360x320-day-motion-007.png
CAPTURE <temporary-frames>/3d-360x320-day-motion-008.png
CAPTURE <temporary-frames>/3d-360x320-day-motion-009.png
CAPTURE <temporary-frames>/3d-360x320-day-motion-010.png
CAPTURE <temporary-frames>/3d-360x320-day-motion-011.png
CAPTURE <temporary-frames>/3d-360x320-day-motion-012.png
CAPTURE <temporary-frames>/3d-360x320-day-motion-013.png
CAPTURE <temporary-frames>/3d-360x320-day-motion-014.png
CAPTURE <temporary-frames>/3d-360x320-day-motion-015.png
CAPTURE <temporary-frames>/3d-360x320-day-motion-016.png
CAPTURE <temporary-frames>/3d-360x320-day-motion-017.png
CAPTURE <temporary-frames>/3d-360x320-day-motion-018.png
CAPTURE <temporary-frames>/3d-360x320-day-motion-019.png
CAPTURE <temporary-frames>/3d-360x320-day-motion-020.png
CAPTURE <temporary-frames>/3d-360x320-day-motion-021.png
CAPTURE <temporary-frames>/3d-360x320-day-motion-022.png
CAPTURE <temporary-frames>/3d-360x320-day-motion-023.png
CAPTURE <temporary-frames>/3d-360x320-day-motion-024.png
CAPTURE <temporary-frames>/3d-360x320-day-motion-025.png
CAPTURE <temporary-frames>/3d-360x320-day-started.png
CAPTURE <temporary-frames>/3d-360x320-day-motion-026.png
CAPTURE <temporary-frames>/3d-360x320-day-motion-027.png
CAPTURE <temporary-frames>/3d-360x320-day-motion-028.png
CAPTURE <temporary-frames>/3d-360x320-day-motion-029.png
CAPTURE <temporary-frames>/3d-360x320-day-motion-030.png
CAPTURE <temporary-frames>/3d-360x320-day-motion-031.png
CAPTURE <temporary-frames>/3d-360x320-day-motion-032.png
CAPTURE <temporary-frames>/3d-360x320-day-motion-033.png
CAPTURE <temporary-frames>/3d-360x320-day-motion-034.png
CAPTURE <temporary-frames>/3d-360x320-day-motion-035.png
CAPTURE <temporary-frames>/3d-360x320-day-motion-036.png
CAPTURE <temporary-frames>/3d-360x320-day-motion-037.png
CAPTURE <temporary-frames>/3d-360x320-day-motion-038.png
CAPTURE <temporary-frames>/3d-360x320-day-motion-039.png
CAPTURE <temporary-frames>/3d-360x320-day-motion-040.png
CAPTURE <temporary-frames>/3d-360x320-day-motion-041.png
CAPTURE <temporary-frames>/3d-360x320-day-motion-042.png
CAPTURE <temporary-frames>/3d-360x320-day-motion-043.png
CAPTURE <temporary-frames>/3d-360x320-day-motion-044.png
CAPTURE <temporary-frames>/3d-360x320-day-motion-045.png
CAPTURE <temporary-frames>/3d-360x320-day-motion-046.png
CAPTURE <temporary-frames>/3d-360x320-day-motion-047.png
CAPTURE <temporary-frames>/3d-360x320-day-motion-048.png
CAPTURE <temporary-frames>/3d-360x320-day-motion-049.png
CAPTURE <temporary-frames>/3d-360x320-day-motion-050.png
CAPTURE <temporary-frames>/3d-360x320-day-motion-051.png
CAPTURE <temporary-frames>/3d-360x320-day-motion-052.png
CAPTURE <temporary-frames>/3d-360x320-day-motion-053.png
CAPTURE <temporary-frames>/3d-360x320-day-motion-054.png
CAPTURE <temporary-frames>/3d-360x320-day-motion-055.png
CAPTURE <temporary-frames>/3d-360x320-day-motion-056.png
CAPTURE <temporary-frames>/3d-360x320-day-motion-057.png
CAPTURE <temporary-frames>/3d-360x320-day-motion-058.png
CAPTURE <temporary-frames>/3d-360x320-day-motion-059.png
CAPTURE <temporary-frames>/3d-360x320-day-motion-060.png
CAPTURE <temporary-frames>/3d-360x320-day-motion-061.png
CAPTURE <temporary-frames>/3d-360x320-day-motion-062.png
CAPTURE <temporary-frames>/3d-360x320-day-motion-063.png
CAPTURE <temporary-frames>/3d-360x320-day-motion-064.png
CAPTURE <temporary-frames>/3d-360x320-day-motion-065.png
CAPTURE <temporary-frames>/3d-360x320-day-motion-066.png
CAPTURE <temporary-frames>/3d-360x320-day-motion-067.png
CAPTURE <temporary-frames>/3d-360x320-day-motion-068.png
CAPTURE <temporary-frames>/3d-360x320-day-motion-069.png
CAPTURE <temporary-frames>/3d-360x320-day-completed.png
CAPTURE <temporary-frames>/3d-360x320-day-deferred.png
CAPTURE <temporary-frames>/3d-360x320-day-motion-070.png
CAPTURE <temporary-frames>/3d-360x320-day-motion-071.png
CAPTURE <temporary-frames>/3d-360x320-day-motion-072.png
CAPTURE <temporary-frames>/3d-360x320-day-motion-073.png
CAPTURE <temporary-frames>/3d-360x320-day-motion-074.png
CAPTURE <temporary-frames>/3d-360x320-day-motion-075.png
CAPTURE <temporary-frames>/3d-360x320-day-motion-076.png
CAPTURE <temporary-frames>/3d-360x320-day-motion-077.png
COMPARISON_PROOF_PASS 3d
2026-09-24 23:09:30.695 Godot[21619:3804744] error messaging the mach port for IMKCFRunLoopWakeUpReliable
