Godot Engine v4.7.stable.official.5b4e0cb0f - https://godotengine.org
OpenGL API 4.1 Metal - 90.5 - Compatibility - Using Device: Apple - Apple M5

DISPLAY logical=(1280, 720) pixels=(2560, 1440) scale=2.0
CHARACTER_POSE idle_static
CHARACTER_IMPORTED idle_meshes=38 typing_meshes=40 camera_fov=45.0
CHARACTER_POSE idle_static
CHARACTER_VARIANT R1
CHARACTER_POSE idle_static
CHARACTER_BOUNDS {"display_scale":2.0,"logical_xywh":[454.57,229.45,72.95,153.27],"state":"idle","variant":"R1","viewport_pixels":[1844,1100]}
CAPTURE <repo>/prototype/comparison/character_experiment/R1/baseline-1280x720-day-idle.png
CHARACTER_POSE idle_static
CHARACTER_POSE typing_static
CHARACTER_BOUNDS {"display_scale":2.0,"logical_xywh":[394.06,204.15,91.55,113.43],"state":"started","variant":"R1","viewport_pixels":[1844,1100]}
CAPTURE <repo>/prototype/comparison/character_experiment/R1/baseline-1280x720-day-started.png
CHARACTER_POSE idle_static
CHARACTER_BOUNDS {"display_scale":2.0,"logical_xywh":[454.57,229.45,72.95,153.27],"state":"completed","variant":"R1","viewport_pixels":[1844,1100]}
CAPTURE <repo>/prototype/comparison/character_experiment/R1/baseline-1280x720-day-completed.png
CHARACTER_POSE idle_static
CHARACTER_POSE idle_static
CHARACTER_BOUNDS {"display_scale":2.0,"logical_xywh":[454.57,229.45,72.95,153.27],"state":"deferred","variant":"R1","viewport_pixels":[1844,1100]}
CAPTURE <repo>/prototype/comparison/character_experiment/R1/baseline-1280x720-day-deferred.png
COMPARISON_PROOF_PASS baseline
2026-09-25 01:58:32.736 Godot[35396:4009954] error messaging the mach port for IMKCFRunLoopWakeUpReliable
