Godot Engine v4.7.stable.official.5b4e0cb0f - https://godotengine.org
OpenGL API 4.1 Metal - 90.5 - Compatibility - Using Device: Apple - Apple M5

DISPLAY logical=(360, 320) pixels=(720, 640) scale=2.0
CHARACTER_POSE idle_static
CHARACTER_IMPORTED idle_meshes=38 typing_meshes=40 camera_fov=45.0
CHARACTER_POSE idle_static
CHARACTER_VARIANT R1
CHARACTER_POSE idle_static
CHARACTER_BOUNDS {"display_scale":2.0,"logical_xywh":[170.35,58.82,18.7,39.29],"state":"idle","variant":"R1","viewport_pixels":[688,282]}
CAPTURE <repo>/prototype/comparison/character_experiment/R1/baseline-360x320-day-idle.png
CHARACTER_POSE idle_static
CHARACTER_POSE typing_static
CHARACTER_BOUNDS {"display_scale":2.0,"logical_xywh":[154.84,52.34,23.47,29.08],"state":"started","variant":"R1","viewport_pixels":[688,282]}
CAPTURE <repo>/prototype/comparison/character_experiment/R1/baseline-360x320-day-started.png
CHARACTER_POSE idle_static
CHARACTER_BOUNDS {"display_scale":2.0,"logical_xywh":[170.35,58.82,18.7,39.29],"state":"completed","variant":"R1","viewport_pixels":[688,282]}
CAPTURE <repo>/prototype/comparison/character_experiment/R1/baseline-360x320-day-completed.png
CHARACTER_POSE idle_static
CHARACTER_POSE idle_static
CHARACTER_BOUNDS {"display_scale":2.0,"logical_xywh":[170.35,58.82,18.7,39.29],"state":"deferred","variant":"R1","viewport_pixels":[688,282]}
CAPTURE <repo>/prototype/comparison/character_experiment/R1/baseline-360x320-day-deferred.png
COMPARISON_PROOF_PASS baseline
2026-09-25 01:58:26.432 Godot[35380:4009748] error messaging the mach port for IMKCFRunLoopWakeUpReliable
